// Jest Snapshot v1, https://goo.gl/fbAQLP

exports[`Login/Signup Modal renders Reservation Page 1`] = `
Object {
  "asFragment": [Function],
  "baseElement": <body>
    <div>
      <div
        class="reservation-wrapper"
      >
        <div
          class="p-0 jumbotron jumbotron-fluid"
        >
          <div
            class="container-fluid"
          >
            <div
              class="top-banner row"
            />
            <div
              class="main-wrapper px-0 row"
            >
              <div
                class="container-body d-flex flex-column justify-content-center align-items-center container"
              >
                <div
                  class="mt-n5 card"
                >
                  <div
                    class="card-body"
                  >
                    <div
                      class="row"
                    >
                      <div
                        class="form-col justify-content-center align-items-center col-lg-8"
                      >
                        <div
                          class="reservation-header mb-4 flex-column justify-content-center align-items-center row"
                        >
                          <div
                            class="col"
                          >
                            <h4
                              class="text-darkkhaki"
                            >
                              BOOK YOUR TABLE
                            </h4>
                          </div>
                          <div
                            class="col"
                          >
                            <h2>
                              Make A Reservation
                            </h2>
                          </div>
                          <div
                            class="divider mt-1 mb-3 text-darkkhaki d-flex flex-row justify-content-center align-items-center col"
                          >
                            <p
                              class="line my-2 mx-1"
                            >
                               
                            </p>
                            <p
                              class="icon"
                            >
                              <img
                                alt="entwined"
                                class="fa fa-cutlery"
                                src="/images/entwined.svg"
                              />
                            </p>
                            <p
                              class="line my-2 mx-1"
                            >
                               
                            </p>
                          </div>
                        </div>
                        <div
                          class="justify-content-center align-items-center row"
                        >
                          <form
                            class=""
                            novalidate=""
                          >
                            <div
                              class="form-row"
                            >
                              <div
                                class="form-group col"
                              >
                                <label
                                  class="form-label"
                                />
                                <select
                                  class="form-control"
                                  data-testid="persons"
                                  name="persons"
                                >
                                  <option>
                                    1 person
                                  </option>
                                  <option>
                                    2 persons
                                  </option>
                                  <option>
                                    3 persons
                                  </option>
                                  <option>
                                    4 persons
                                  </option>
                                  <option>
                                    5 persons
                                  </option>
                                  <option>
                                    6 persons
                                  </option>
                                </select>
                              </div>
                              <div
                                class="form-group col-md-4"
                              >
                                <label
                                  class="form-label"
                                />
                                <input
                                  class="form-control"
                                  data-testid="date"
                                  name="date"
                                  placeholder="Date"
                                  required=""
                                  type="date"
                                />
                                <div
                                  class="valid-feedback"
                                >
                                  Looks good!
                                </div>
                              </div>
                              <div
                                class="form-group col-md-4"
                              >
                                <label
                                  class="form-label"
                                />
                                <input
                                  class="form-control"
                                  data-testid="time"
                                  name="time"
                                  placeholder="Time"
                                  required=""
                                  type="time"
                                />
                                <div
                                  class="valid-feedback"
                                >
                                  Looks good!
                                </div>
                              </div>
                            </div>
                            <div
                              class="form-row"
                            >
                              <div
                                class="form-group col"
                              >
                                <label
                                  class="form-label"
                                />
                                <select
                                  class="form-control"
                                  data-testid="type"
                                  name="type"
                                >
                                  <option>
                                    Breakfast
                                  </option>
                                  <option>
                                    Lunch
                                  </option>
                                  <option>
                                    Dinner
                                  </option>
                                  <option>
                                    Drinks
                                  </option>
                                </select>
                              </div>
                            </div>
                            <div
                              class="justify-content-center align-items-center form-row"
                            >
                              <button
                                class="bg-black btn btn-primary"
                                type="submit"
                              >
                                Book A Table
                              </button>
                            </div>
                          </form>
                        </div>
                      </div>
                      <div
                        class="col-lg-3"
                      >
                        <div
                          class="card"
                        >
                          Hello
                        </div>
                      </div>
                    </div>
                  </div>
                </div>
              </div>
            </div>
          </div>
        </div>
      </div>
    </div>
  </body>,
  "container": <div>
    <div
      class="reservation-wrapper"
    >
      <div
        class="p-0 jumbotron jumbotron-fluid"
      >
        <div
          class="container-fluid"
        >
          <div
            class="top-banner row"
          />
          <div
            class="main-wrapper px-0 row"
          >
            <div
              class="container-body d-flex flex-column justify-content-center align-items-center container"
            >
              <div
                class="mt-n5 card"
              >
                <div
                  class="card-body"
                >
                  <div
                    class="row"
                  >
                    <div
                      class="form-col justify-content-center align-items-center col-lg-8"
                    >
                      <div
                        class="reservation-header mb-4 flex-column justify-content-center align-items-center row"
                      >
                        <div
                          class="col"
                        >
                          <h4
                            class="text-darkkhaki"
                          >
                            BOOK YOUR TABLE
                          </h4>
                        </div>
                        <div
                          class="col"
                        >
                          <h2>
                            Make A Reservation
                          </h2>
                        </div>
                        <div
                          class="divider mt-1 mb-3 text-darkkhaki d-flex flex-row justify-content-center align-items-center col"
                        >
                          <p
                            class="line my-2 mx-1"
                          >
                             
                          </p>
                          <p
                            class="icon"
                          >
                            <img
                              alt="entwined"
                              class="fa fa-cutlery"
                              src="/images/entwined.svg"
                            />
                          </p>
                          <p
                            class="line my-2 mx-1"
                          >
                             
                          </p>
                        </div>
                      </div>
                      <div
                        class="justify-content-center align-items-center row"
                      >
                        <form
                          class=""
                          novalidate=""
                        >
                          <div
                            class="form-row"
                          >
                            <div
                              class="form-group col"
                            >
                              <label
                                class="form-label"
                              />
                              <select
                                class="form-control"
                                data-testid="persons"
                                name="persons"
                              >
                                <option>
                                  1 person
                                </option>
                                <option>
                                  2 persons
                                </option>
                                <option>
                                  3 persons
                                </option>
                                <option>
                                  4 persons
                                </option>
                                <option>
                                  5 persons
                                </option>
                                <option>
                                  6 persons
                                </option>
                              </select>
                            </div>
                            <div
                              class="form-group col-md-4"
                            >
                              <label
                                class="form-label"
                              />
                              <input
                                class="form-control"
                                data-testid="date"
                                name="date"
                                placeholder="Date"
                                required=""
                                type="date"
                              />
                              <div
                                class="valid-feedback"
                              >
                                Looks good!
                              </div>
                            </div>
                            <div
                              class="form-group col-md-4"
                            >
                              <label
                                class="form-label"
                              />
                              <input
                                class="form-control"
                                data-testid="time"
                                name="time"
                                placeholder="Time"
                                required=""
                                type="time"
                              />
                              <div
                                class="valid-feedback"
                              >
                                Looks good!
                              </div>
                            </div>
                          </div>
                          <div
                            class="form-row"
                          >
                            <div
                              class="form-group col"
                            >
                              <label
                                class="form-label"
                              />
                              <select
                                class="form-control"
                                data-testid="type"
                                name="type"
                              >
                                <option>
                                  Breakfast
                                </option>
                                <option>
                                  Lunch
                                </option>
                                <option>
                                  Dinner
                                </option>
                                <option>
                                  Drinks
                                </option>
                              </select>
                            </div>
                          </div>
                          <div
                            class="justify-content-center align-items-center form-row"
                          >
                            <button
                              class="bg-black btn btn-primary"
                              type="submit"
                            >
                              Book A Table
                            </button>
                          </div>
                        </form>
                      </div>
                    </div>
                    <div
                      class="col-lg-3"
                    >
                      <div
                        class="card"
                      >
                        Hello
                      </div>
                    </div>
                  </div>
                </div>
              </div>
            </div>
          </div>
        </div>
      </div>
    </div>
  </div>,
  "debug": [Function],
  "findAllByAltText": [Function],
  "findAllByDisplayValue": [Function],
  "findAllByLabelText": [Function],
  "findAllByPlaceholderText": [Function],
  "findAllByRole": [Function],
  "findAllByTestId": [Function],
  "findAllByText": [Function],
  "findAllByTitle": [Function],
  "findByAltText": [Function],
  "findByDisplayValue": [Function],
  "findByLabelText": [Function],
  "findByPlaceholderText": [Function],
  "findByRole": [Function],
  "findByTestId": [Function],
  "findByText": [Function],
  "findByTitle": [Function],
  "getAllByAltText": [Function],
  "getAllByDisplayValue": [Function],
  "getAllByLabelText": [Function],
  "getAllByPlaceholderText": [Function],
  "getAllByRole": [Function],
  "getAllByTestId": [Function],
  "getAllByText": [Function],
  "getAllByTitle": [Function],
  "getByAltText": [Function],
  "getByDisplayValue": [Function],
  "getByLabelText": [Function],
  "getByPlaceholderText": [Function],
  "getByRole": [Function],
  "getByTestId": [Function],
  "getByText": [Function],
  "getByTitle": [Function],
  "queryAllByAltText": [Function],
  "queryAllByDisplayValue": [Function],
  "queryAllByLabelText": [Function],
  "queryAllByPlaceholderText": [Function],
  "queryAllByRole": [Function],
  "queryAllByTestId": [Function],
  "queryAllByText": [Function],
  "queryAllByTitle": [Function],
  "queryByAltText": [Function],
  "queryByDisplayValue": [Function],
  "queryByLabelText": [Function],
  "queryByPlaceholderText": [Function],
  "queryByRole": [Function],
  "queryByTestId": [Function],
  "queryByText": [Function],
  "queryByTitle": [Function],
  "rerender": [Function],
  "unmount": [Function],
}
`;
