// Jest Snapshot v1, https://goo.gl/fbAQLP

exports[`Header renders Header component 1`] = `
Object {
  "asFragment": [Function],
  "baseElement": <body>
    <div>
      <nav
        class="sticky-top navbar navbar-expand-lg navbar-dark bg-black"
      >
        <a
          class="navbar-brand"
          href="/"
        >
          React-Bootstrap
        </a>
        <button
          aria-controls="basic-navbar-nav"
          aria-label="Toggle navigation"
          class="navbar-toggler collapsed"
          type="button"
        >
          <span
            class="navbar-toggler-icon"
          />
        </button>
        <div
          class="navbar-collapse collapse"
          id="basic-navbar-nav"
        >
          <div
            class="m-auto main-tabs navbar-nav"
          >
            <a
              class="nav-link active"
              data-rb-event-key="home"
              href="/"
            >
              HOME
            </a>
            <a
              class="nav-link"
              data-rb-event-key="menu"
              href="/menu"
            >
              MENU
            </a>
            <a
              class="nav-link"
              data-rb-event-key="reservation"
              href="/reservation"
            >
              BOOK A TABLE
            </a>
          </div>
          <div
            class="mr navbar-nav"
          >
            <a
              class="btn btn-outline-darkkhaki"
              href="#"
              role="button"
            >
              LOGIN
            </a>
          </div>
        </div>
      </nav>
    </div>
  </body>,
  "container": <div>
    <nav
      class="sticky-top navbar navbar-expand-lg navbar-dark bg-black"
    >
      <a
        class="navbar-brand"
        href="/"
      >
        React-Bootstrap
      </a>
      <button
        aria-controls="basic-navbar-nav"
        aria-label="Toggle navigation"
        class="navbar-toggler collapsed"
        type="button"
      >
        <span
          class="navbar-toggler-icon"
        />
      </button>
      <div
        class="navbar-collapse collapse"
        id="basic-navbar-nav"
      >
        <div
          class="m-auto main-tabs navbar-nav"
        >
          <a
            class="nav-link active"
            data-rb-event-key="home"
            href="/"
          >
            HOME
          </a>
          <a
            class="nav-link"
            data-rb-event-key="menu"
            href="/menu"
          >
            MENU
          </a>
          <a
            class="nav-link"
            data-rb-event-key="reservation"
            href="/reservation"
          >
            BOOK A TABLE
          </a>
        </div>
        <div
          class="mr navbar-nav"
        >
          <a
            class="btn btn-outline-darkkhaki"
            href="#"
            role="button"
          >
            LOGIN
          </a>
        </div>
      </div>
    </nav>
  </div>,
  "debug": [Function],
  "findAllByAltText": [Function],
  "findAllByDisplayValue": [Function],
  "findAllByLabelText": [Function],
  "findAllByPlaceholderText": [Function],
  "findAllByRole": [Function],
  "findAllByTestId": [Function],
  "findAllByText": [Function],
  "findAllByTitle": [Function],
  "findByAltText": [Function],
  "findByDisplayValue": [Function],
  "findByLabelText": [Function],
  "findByPlaceholderText": [Function],
  "findByRole": [Function],
  "findByTestId": [Function],
  "findByText": [Function],
  "findByTitle": [Function],
  "getAllByAltText": [Function],
  "getAllByDisplayValue": [Function],
  "getAllByLabelText": [Function],
  "getAllByPlaceholderText": [Function],
  "getAllByRole": [Function],
  "getAllByTestId": [Function],
  "getAllByText": [Function],
  "getAllByTitle": [Function],
  "getByAltText": [Function],
  "getByDisplayValue": [Function],
  "getByLabelText": [Function],
  "getByPlaceholderText": [Function],
  "getByRole": [Function],
  "getByTestId": [Function],
  "getByText": [Function],
  "getByTitle": [Function],
  "queryAllByAltText": [Function],
  "queryAllByDisplayValue": [Function],
  "queryAllByLabelText": [Function],
  "queryAllByPlaceholderText": [Function],
  "queryAllByRole": [Function],
  "queryAllByTestId": [Function],
  "queryAllByText": [Function],
  "queryAllByTitle": [Function],
  "queryByAltText": [Function],
  "queryByDisplayValue": [Function],
  "queryByLabelText": [Function],
  "queryByPlaceholderText": [Function],
  "queryByRole": [Function],
  "queryByTestId": [Function],
  "queryByText": [Function],
  "queryByTitle": [Function],
  "rerender": [Function],
  "unmount": [Function],
}
`;
