// Jest Snapshot v1, https://goo.gl/fbAQLP

exports[`MenuMedia renders MenuMedia component 1`] = `
Object {
  "asFragment": [Function],
  "baseElement": <body>
    <div>
      <div
        class="media-col mb-5 col-lg-6"
      >
        <div
          class="media"
        >
          <img
            alt="Jollof rice"
            class="mr-3"
            height="150"
            src=""
            width="200"
          />
          <div
            class="pt-1 media-body"
          >
            <h5
              class="mb-3 pb-2 d-flex flex-row justify-content-between"
            >
              Jollof rice
               
              <span
                class="text-darkkhaki"
              >
                $
                300
              </span>
            </h5>
            <p>
              green pepper
            </p>
          </div>
        </div>
      </div>
    </div>
  </body>,
  "container": <div>
    <div
      class="media-col mb-5 col-lg-6"
    >
      <div
        class="media"
      >
        <img
          alt="Jollof rice"
          class="mr-3"
          height="150"
          src=""
          width="200"
        />
        <div
          class="pt-1 media-body"
        >
          <h5
            class="mb-3 pb-2 d-flex flex-row justify-content-between"
          >
            Jollof rice
             
            <span
              class="text-darkkhaki"
            >
              $
              300
            </span>
          </h5>
          <p>
            green pepper
          </p>
        </div>
      </div>
    </div>
  </div>,
  "debug": [Function],
  "findAllByAltText": [Function],
  "findAllByDisplayValue": [Function],
  "findAllByLabelText": [Function],
  "findAllByPlaceholderText": [Function],
  "findAllByRole": [Function],
  "findAllByTestId": [Function],
  "findAllByText": [Function],
  "findAllByTitle": [Function],
  "findByAltText": [Function],
  "findByDisplayValue": [Function],
  "findByLabelText": [Function],
  "findByPlaceholderText": [Function],
  "findByRole": [Function],
  "findByTestId": [Function],
  "findByText": [Function],
  "findByTitle": [Function],
  "getAllByAltText": [Function],
  "getAllByDisplayValue": [Function],
  "getAllByLabelText": [Function],
  "getAllByPlaceholderText": [Function],
  "getAllByRole": [Function],
  "getAllByTestId": [Function],
  "getAllByText": [Function],
  "getAllByTitle": [Function],
  "getByAltText": [Function],
  "getByDisplayValue": [Function],
  "getByLabelText": [Function],
  "getByPlaceholderText": [Function],
  "getByRole": [Function],
  "getByTestId": [Function],
  "getByText": [Function],
  "getByTitle": [Function],
  "queryAllByAltText": [Function],
  "queryAllByDisplayValue": [Function],
  "queryAllByLabelText": [Function],
  "queryAllByPlaceholderText": [Function],
  "queryAllByRole": [Function],
  "queryAllByTestId": [Function],
  "queryAllByText": [Function],
  "queryAllByTitle": [Function],
  "queryByAltText": [Function],
  "queryByDisplayValue": [Function],
  "queryByLabelText": [Function],
  "queryByPlaceholderText": [Function],
  "queryByRole": [Function],
  "queryByTestId": [Function],
  "queryByText": [Function],
  "queryByTitle": [Function],
  "rerender": [Function],
  "unmount": [Function],
}
`;
