// Jest Snapshot v1, https://goo.gl/fbAQLP

exports[`PaymentForm renders PaymentForm component 1`] = `
Object {
  "asFragment": [Function],
  "baseElement": <body>
    <div>
      <div
        class="p-0 jumbotron jumbotron-fluid"
      >
        <div
          class="container-fluid"
        >
          <div
            class="top-banner row"
          />
          <div
            class="reservation-wrapper px-0 row"
          >
            <div
              class="container-body d-flex flex-column justify-content-center align-items-center container"
            >
              <form
                class="payment-form"
              >
                <div
                  id="card-element"
                />
                <button
                  disabled=""
                  id="submit"
                >
                  <span
                    id="button-text"
                  >
                    Pay
                  </span>
                </button>
                
                <p
                  class="result-message"
                >
                  Payment succeeded, see the result in your
                  <a
                    href="https://dashboard.stripe.com/test/payments"
                  >
                     Stripe dashboard.
                  </a>
                   
                  Refresh the page to pay again.
                </p>
              </form>
            </div>
          </div>
        </div>
      </div>
    </div>
  </body>,
  "container": <div>
    <div
      class="p-0 jumbotron jumbotron-fluid"
    >
      <div
        class="container-fluid"
      >
        <div
          class="top-banner row"
        />
        <div
          class="reservation-wrapper px-0 row"
        >
          <div
            class="container-body d-flex flex-column justify-content-center align-items-center container"
          >
            <form
              class="payment-form"
            >
              <div
                id="card-element"
              />
              <button
                disabled=""
                id="submit"
              >
                <span
                  id="button-text"
                >
                  Pay
                </span>
              </button>
              
              <p
                class="result-message"
              >
                Payment succeeded, see the result in your
                <a
                  href="https://dashboard.stripe.com/test/payments"
                >
                   Stripe dashboard.
                </a>
                 
                Refresh the page to pay again.
              </p>
            </form>
          </div>
        </div>
      </div>
    </div>
  </div>,
  "debug": [Function],
  "findAllByAltText": [Function],
  "findAllByDisplayValue": [Function],
  "findAllByLabelText": [Function],
  "findAllByPlaceholderText": [Function],
  "findAllByRole": [Function],
  "findAllByTestId": [Function],
  "findAllByText": [Function],
  "findAllByTitle": [Function],
  "findByAltText": [Function],
  "findByDisplayValue": [Function],
  "findByLabelText": [Function],
  "findByPlaceholderText": [Function],
  "findByRole": [Function],
  "findByTestId": [Function],
  "findByText": [Function],
  "findByTitle": [Function],
  "getAllByAltText": [Function],
  "getAllByDisplayValue": [Function],
  "getAllByLabelText": [Function],
  "getAllByPlaceholderText": [Function],
  "getAllByRole": [Function],
  "getAllByTestId": [Function],
  "getAllByText": [Function],
  "getAllByTitle": [Function],
  "getByAltText": [Function],
  "getByDisplayValue": [Function],
  "getByLabelText": [Function],
  "getByPlaceholderText": [Function],
  "getByRole": [Function],
  "getByTestId": [Function],
  "getByText": [Function],
  "getByTitle": [Function],
  "queryAllByAltText": [Function],
  "queryAllByDisplayValue": [Function],
  "queryAllByLabelText": [Function],
  "queryAllByPlaceholderText": [Function],
  "queryAllByRole": [Function],
  "queryAllByTestId": [Function],
  "queryAllByText": [Function],
  "queryAllByTitle": [Function],
  "queryByAltText": [Function],
  "queryByDisplayValue": [Function],
  "queryByLabelText": [Function],
  "queryByPlaceholderText": [Function],
  "queryByRole": [Function],
  "queryByTestId": [Function],
  "queryByText": [Function],
  "queryByTitle": [Function],
  "rerender": [Function],
  "unmount": [Function],
}
`;
